// Jest Snapshot v1, https://goo.gl/fbAQLP

exports[`PayPassword.vue default render 1`] = `
<span class="payPassword"><input type="password" name="payPassword" autocomplete="off" maxlength="6" minlength="6" value="" class="sixDigitPassword"> <div tabindex="0" class="sixDigitPassword"><i><b style="display:none;"></b></i><i><b style="display:none;"></b></i><i><b style="display:none;"></b></i><i><b style="display:none;"></b></i><i><b style="display:none;"></b></i><i><b style="display:none;"></b></i> <span style="width:29px;left:0px;display:none;"></span></div>
</span>
`;

exports[`PayPassword.vue matches snapshot 1`] = `
<div tabindex="0" class="sixDigitPassword">
  <i><b style="display: none;"></b></i>
  <i><b style="display: none;"></b></i>
  <i><b style="display: none;"></b></i>
  <i><b style="display: none;"></b></i>
  <i><b style="display: none;"></b></i>
  <i><b style="display: none;"></b></i>
  <span style="width: 29px; left: 0px; display: none;"></span>
</div>
`;
